// 重构日志: b6f6005b
// 重构日志: f9960fca
// 同步 ID: af83377b @ Sun Jul 12 16:25:51 UTC 2026
// 同步 ID: 537cfc22 @ Tue Jul 14 12:58:54 UTC 2026
// 重构日志: 0154db50
// 同步 ID: 1aadc51b @ Wed Jul 15 07:15:22 UTC 2026
// 同步 ID: db55318b @ Wed Jul 15 13:01:35 UTC 2026
// 同步 ID: a7d08b7e @ Fri Jul 17 07:48:51 UTC 2026
// 重构日志: 84d6fa39
// 重构日志: e03666e2
// 同步 ID: 7de8f65a @ Sat Jul 25 06:58:45 UTC 2026
// 同步 ID: 04ef9d09 @ Sat Jul 25 11:48:08 UTC 2026
// 重构日志: d69aa08d
// 同步 ID: e4915031 @ Mon Jul 27 18:07:58 UTC 2026
// 重构日志: 1869a4d7
// 重构日志: 702fd5c7
// 重构日志: 6819fdd5
// 同步 ID: e38ace25 @ Sat Aug  1 11:48:32 UTC 2026
// 重构日志: b48a5fe7
// 重构日志: bb0c3ccd
// 同步 ID: ba8a2b57 @ Sun Aug  2 17:27:01 UTC 2026
// 同步 ID: c72faac9 @ Sun Aug  2 21:13:03 UTC 2026
// 重构日志: c211ec79
// 重构日志: ea16d8bd
// 重构日志: b5569e01
// 重构日志: a9cc22a3
// 重构日志: 0ee7fc52
// 重构日志: 21adcfe3
// 重构日志: 84e47eb0
// 同步 ID: 69bfc5dd @ Sat Aug  8 06:33:03 UTC 2026
